{ 180, 180, 180, 180 },
{ 180, 180, 180, 180 },
{ 180, 180, 180, 180 },
{ 179, 179, 179, 179 },
{   0,   0,   0,   0 },
{   0,   0,   0,   0 }